// Jest Snapshot v1, https://goo.gl/fbAQLP

exports[`DropdownReact renders and anchors to left by default 1`] = `
<DropdownReact
  alwaysRenderMenu={true}
  anchorRight={false}
  caret={true}
  disabled={false}
  menuClasses=""
  onClose={[Function]}
  onOpen={[Function]}
  title="test"
  topLevelClasses="top-level-class"
>
  <DropdownMenu
    keepMenuOpen={false}
    onClose={[Function]}
    onOpen={[Function]}
  >
    <span
      className="dropdown top-level-class"
    >
      <a
        className="dropdown-actor dropdown-toggle"
        onClick={[Function]}
      >
        <div
          className="dropdown-actor-title"
        >
          <span>
            test
          </span>
          <i
            className="icon-arrow-down"
          />
        </div>
      </a>
      <ul
        className="dropdown-menu"
        onClick={[Function]}
      >
        <div>
          1
        </div>
        <div>
          2
        </div>
      </ul>
    </span>
  </DropdownMenu>
</DropdownReact>
`;

exports[`DropdownReact renders and anchors to right 1`] = `
<DropdownReact
  alwaysRenderMenu={true}
  anchorRight={true}
  caret={true}
  disabled={false}
  menuClasses=""
  onClose={[Function]}
  onOpen={[Function]}
  title="test"
  topLevelClasses="top-level-class"
>
  <DropdownMenu
    keepMenuOpen={false}
    onClose={[Function]}
    onOpen={[Function]}
  >
    <span
      className="dropdown top-level-class pull-right anchor-right"
    >
      <a
        className="dropdown-actor dropdown-menu-right dropdown-toggle"
        onClick={[Function]}
      >
        <div
          className="dropdown-actor-title"
        >
          <span>
            test
          </span>
          <i
            className="icon-arrow-down"
          />
        </div>
      </a>
      <ul
        className="dropdown-menu"
        onClick={[Function]}
      >
        <div>
          1
        </div>
        <div>
          2
        </div>
      </ul>
    </span>
  </DropdownMenu>
</DropdownReact>
`;
